#
# There is insufficient memory for the Java Runtime Environment to continue.
# Native memory allocation (mmap) failed to map 268435456 bytes for G1 virtual space
# Possible reasons:
#   The system is out of physical RAM or swap space
#   The process is running with CompressedOops enabled, and the Java Heap may be blocking the growth of the native heap
# Possible solutions:
#   Reduce memory load on the system
#   Increase physical memory or swap space
#   Check if swap backing store is full
#   Decrease Java heap size (-Xmx/-Xms)
#   Decrease number of Java threads
#   Decrease Java thread stack sizes (-Xss)
#   Set larger code cache with -XX:ReservedCodeCacheSize=
#   JVM is running with Zero Based Compressed Oops mode in which the Java heap is
#     placed in the first 32GB address space. The Java Heap base address is the
#     maximum limit for the native heap growth. Please use -XX:HeapBaseMinAddress
#     to set the Java Heap base and to place the Java Heap above 32GB virtual address.
# This output file may be truncated or incomplete.
#
#  Out of Memory Error (os_windows.cpp:3613), pid=19068, tid=5740
#
# JRE version:  (17.0.9+9) (build )
# Java VM: OpenJDK 64-Bit Server VM (17.0.9+9, mixed mode, sharing, tiered, compressed oops, compressed class ptrs, g1 gc, windows-amd64)
# No core dump will be written. Minidumps are not enabled by default on client versions of Windows
#

---------------  S U M M A R Y ------------

Command Line: 

Host: Intel(R) Xeon(R) CPU E5-1620 0 @ 3.60GHz, 8 cores, 15G,  Windows 11 , 64 bit Build 26100 (10.0.26100.7920)
Time: Mon Apr  6 16:49:13 2026 Pakistan Standard Time elapsed time: 1.145465 seconds (0d 0h 0m 1s)

---------------  T H R E A D  ---------------

Current thread (0x0000016eec325320):  JavaThread "Unknown thread" [_thread_in_vm, id=5740, stack(0x0000006beec00000,0x0000006beed00000)]

Stack: [0x0000006beec00000,0x0000006beed00000]
Native frames: (J=compiled Java code, j=interpreted, Vv=VM code, C=native code)
V  [jvm.dll+0x67cf49]
V  [jvm.dll+0x83478a]
V  [jvm.dll+0x83624e]
V  [jvm.dll+0x8368b3]
V  [jvm.dll+0x247f1f]
V  [jvm.dll+0x679d69]
V  [jvm.dll+0x66e6ba]
V  [jvm.dll+0x307e5b]
V  [jvm.dll+0x30f306]
V  [jvm.dll+0x35f0ce]
V  [jvm.dll+0x35f2ff]
V  [jvm.dll+0x2dea58]
V  [jvm.dll+0x2df9c4]
V  [jvm.dll+0x806031]
V  [jvm.dll+0x36cf31]
V  [jvm.dll+0x7e4aac]
V  [jvm.dll+0x3f07af]
V  [jvm.dll+0x3f23e1]
C  [jli.dll+0x528f]
C  [ucrtbase.dll+0x37b0]
C  [KERNEL32.DLL+0x2e8d7]
C  [ntdll.dll+0x8c48c]


---------------  P R O C E S S  ---------------

Threads class SMR info:
_java_thread_list=0x00007fff1defee98, length=0, elements={
}

Java Threads: ( => current thread )

Other Threads:
  0x0000016eec392ed0 GCTaskThread "GC Thread#0" [stack: 0x0000006beed00000,0x0000006beee00000] [id=348]
  0x0000016eec3a5910 ConcurrentGCThread "G1 Main Marker" [stack: 0x0000006beee00000,0x0000006beef00000] [id=20972]
  0x0000016eec3a7890 ConcurrentGCThread "G1 Conc#0" [stack: 0x0000006beef00000,0x0000006bef000000] [id=18628]

[error occurred during error reporting (printing all threads), id 0xc0000005, EXCEPTION_ACCESS_VIOLATION (0xc0000005) at pc=0x00007fff1d6bf497]

VM state: not at safepoint (not fully initialized)

VM Mutex/Monitor currently owned by a thread:  ([mutex/lock_event])
[0x0000016eec3206d0] Heap_lock - owner thread: 0x0000016eec325320

Heap address: 0x0000000701000000, size: 4080 MB, Compressed Oops mode: Zero based, Oop shift amount: 3

CDS archive(s) mapped at: [0x0000000000000000-0x0000000000000000-0x0000000000000000), size 0, SharedBaseAddress: 0x0000000800000000, ArchiveRelocationMode: 1.
Narrow klass base: 0x0000000000000000, Narrow klass shift: 0, Narrow klass range: 0x0

GC Precious Log:
<Empty>

Heap:
 garbage-first heap   total 0K, used 0K [0x0000000701000000, 0x0000000800000000)
  region size 2048K, 0 young (0K), 0 survivors (0K)

[error occurred during error reporting (printing heap information), id 0xc0000005, EXCEPTION_ACCESS_VIOLATION (0xc0000005) at pc=0x00007fff1daa6c79]

GC Heap History (0 events):
No events

Dll operation events (1 events):
Event: 0.011 Loaded shared library C:\Program Files\Unity\Hub\Editor\6000.0.69f1\Editor\Data\PlaybackEngines\AndroidPlayer\OpenJDK\bin\java.dll

Deoptimization events (0 events):
No events

Classes unloaded (0 events):
No events

Classes redefined (0 events):
No events

Internal exceptions (0 events):
No events

VM Operations (0 events):
No events

Events (0 events):
No events


Dynamic libraries:
0x00007ff64c700000 - 0x00007ff64c70e000 	C:\Program Files\Unity\Hub\Editor\6000.0.69f1\Editor\Data\PlaybackEngines\AndroidPlayer\OpenJDK\bin\java.exe
0x00007fff6c040000 - 0x00007fff6c2a7000 	C:\WINDOWS\SYSTEM32\ntdll.dll
0x00007fff6a7d0000 - 0x00007fff6a899000 	C:\WINDOWS\System32\KERNEL32.DLL
0x00007fff68be0000 - 0x00007fff68fd1000 	C:\WINDOWS\System32\KERNELBASE.dll
0x00007fff689b0000 - 0x00007fff68afb000 	C:\WINDOWS\System32\ucrtbase.dll
0x00007fff59080000 - 0x00007fff59097000 	C:\Program Files\Unity\Hub\Editor\6000.0.69f1\Editor\Data\PlaybackEngines\AndroidPlayer\OpenJDK\bin\jli.dll
0x00007fff590f0000 - 0x00007fff5910b000 	C:\Program Files\Unity\Hub\Editor\6000.0.69f1\Editor\Data\PlaybackEngines\AndroidPlayer\OpenJDK\bin\VCRUNTIME140.dll
0x00007fff6b830000 - 0x00007fff6b9f5000 	C:\WINDOWS\System32\USER32.dll
0x00007fff5d300000 - 0x00007fff5d593000 	C:\WINDOWS\WinSxS\amd64_microsoft.windows.common-controls_6595b64144ccf1df_6.0.26100.8037_none_3e092faae333b53b\COMCTL32.dll
0x00007fff68bb0000 - 0x00007fff68bd7000 	C:\WINDOWS\System32\win32u.dll
0x00007fff6bcf0000 - 0x00007fff6bd99000 	C:\WINDOWS\System32\msvcrt.dll
0x00007fff6a5e0000 - 0x00007fff6a60b000 	C:\WINDOWS\System32\GDI32.dll
0x00007fff68fe0000 - 0x00007fff6910b000 	C:\WINDOWS\System32\gdi32full.dll
0x00007fff68b00000 - 0x00007fff68ba3000 	C:\WINDOWS\System32\msvcp_win.dll
0x00007fff6bed0000 - 0x00007fff6bf01000 	C:\WINDOWS\System32\IMM32.DLL
0x00007fff5e670000 - 0x00007fff5e67c000 	C:\Program Files\Unity\Hub\Editor\6000.0.69f1\Editor\Data\PlaybackEngines\AndroidPlayer\OpenJDK\bin\vcruntime140_1.dll
0x00007fff277a0000 - 0x00007fff2782d000 	C:\Program Files\Unity\Hub\Editor\6000.0.69f1\Editor\Data\PlaybackEngines\AndroidPlayer\OpenJDK\bin\msvcp140.dll
0x00007fff1d3d0000 - 0x00007fff1e031000 	C:\Program Files\Unity\Hub\Editor\6000.0.69f1\Editor\Data\PlaybackEngines\AndroidPlayer\OpenJDK\bin\server\jvm.dll
0x00007fff6b1d0000 - 0x00007fff6b28b000 	C:\WINDOWS\System32\ADVAPI32.dll
0x00007fff6a720000 - 0x00007fff6a7c7000 	C:\WINDOWS\System32\sechost.dll
0x00007fff6bda0000 - 0x00007fff6beb8000 	C:\WINDOWS\System32\RPCRT4.dll
0x00007fff68780000 - 0x00007fff687de000 	C:\WINDOWS\SYSTEM32\POWRPROF.dll
0x00007fff5d5a0000 - 0x00007fff5d5d5000 	C:\WINDOWS\SYSTEM32\WINMM.dll
0x00007fff4aa00000 - 0x00007fff4aa0a000 	C:\WINDOWS\SYSTEM32\WSOCK32.dll
0x00007fff61170000 - 0x00007fff6117b000 	C:\WINDOWS\SYSTEM32\VERSION.dll
0x00007fff6a1c0000 - 0x00007fff6a234000 	C:\WINDOWS\System32\WS2_32.dll
0x00007fff68760000 - 0x00007fff68774000 	C:\WINDOWS\SYSTEM32\UMPDC.dll
0x00007fff676b0000 - 0x00007fff676cb000 	C:\WINDOWS\SYSTEM32\kernel.appcore.dll
0x00007fff590e0000 - 0x00007fff590ea000 	C:\Program Files\Unity\Hub\Editor\6000.0.69f1\Editor\Data\PlaybackEngines\AndroidPlayer\OpenJDK\bin\jimage.dll
0x00007fff5d5e0000 - 0x00007fff5d822000 	C:\WINDOWS\SYSTEM32\DBGHELP.DLL
0x00007fff6a240000 - 0x00007fff6a5c2000 	C:\WINDOWS\System32\combase.dll
0x00007fff69de0000 - 0x00007fff69eb7000 	C:\WINDOWS\System32\OLEAUT32.dll
0x00007fff59ab0000 - 0x00007fff59aeb000 	C:\WINDOWS\SYSTEM32\dbgcore.DLL
0x00007fff69d30000 - 0x00007fff69dd5000 	C:\WINDOWS\System32\bcryptPrimitives.dll
0x00007fff4fb10000 - 0x00007fff4fb35000 	C:\Program Files\Unity\Hub\Editor\6000.0.69f1\Editor\Data\PlaybackEngines\AndroidPlayer\OpenJDK\bin\java.dll

dbghelp: loaded successfully - version: 4.0.5 - missing functions: none
symbol engine: initialized successfully - sym options: 0x614 - pdb path: .;C:\Program Files\Unity\Hub\Editor\6000.0.69f1\Editor\Data\PlaybackEngines\AndroidPlayer\OpenJDK\bin;C:\WINDOWS\SYSTEM32;C:\WINDOWS\WinSxS\amd64_microsoft.windows.common-controls_6595b64144ccf1df_6.0.26100.8037_none_3e092faae333b53b;C:\Program Files\Unity\Hub\Editor\6000.0.69f1\Editor\Data\PlaybackEngines\AndroidPlayer\OpenJDK\bin\server

VM Arguments:
java_command: <unknown>
java_class_path (initial): <not set>
Launcher Type: SUN_STANDARD

[Global flags]
     intx CICompilerCount                          = 4                                         {product} {ergonomic}
     uint ConcGCThreads                            = 2                                         {product} {ergonomic}
     uint G1ConcRefinementThreads                  = 8                                         {product} {ergonomic}
   size_t G1HeapRegionSize                         = 2097152                                   {product} {ergonomic}
    uintx GCDrainStackTargetSize                   = 64                                        {product} {ergonomic}
   size_t InitialHeapSize                          = 268435456                                 {product} {ergonomic}
   size_t MarkStackSize                            = 4194304                                   {product} {ergonomic}
   size_t MaxHeapSize                              = 4278190080                                {product} {ergonomic}
   size_t MinHeapDeltaBytes                        = 2097152                                   {product} {ergonomic}
   size_t MinHeapSize                              = 8388608                                   {product} {ergonomic}
    uintx NonNMethodCodeHeapSize                   = 5839372                                {pd product} {ergonomic}
    uintx NonProfiledCodeHeapSize                  = 122909434                              {pd product} {ergonomic}
    uintx ProfiledCodeHeapSize                     = 122909434                              {pd product} {ergonomic}
    uintx ReservedCodeCacheSize                    = 251658240                              {pd product} {ergonomic}
     bool SegmentedCodeCache                       = true                                      {product} {ergonomic}
   size_t SoftMaxHeapSize                          = 4278190080                             {manageable} {ergonomic}
     bool UseCompressedClassPointers               = true                           {product lp64_product} {ergonomic}
     bool UseCompressedOops                        = true                           {product lp64_product} {ergonomic}
     bool UseG1GC                                  = true                                      {product} {ergonomic}
     bool UseLargePagesIndividualAllocation        = false                                  {pd product} {ergonomic}

Logging:
Log output configuration:
 #0: stdout all=warning uptime,level,tags
 #1: stderr all=off uptime,level,tags

Environment Variables:
JAVA_HOME=C:\Program Files\Unity\Hub\Editor\6000.0.69f1\Editor\Data\PlaybackEngines\AndroidPlayer\OpenJDK
PATH=C:\WINDOWS\system32;C:\WINDOWS;C:\WINDOWS\System32\Wbem;C:\WINDOWS\System32\WindowsPowerShell\v1.0\;C:\WINDOWS\System32\OpenSSH\;C:\Program Files\dotnet\;C:\Users\PragmaTech\AppData\Local\Microsoft\WindowsApps;C:\Users\PragmaTech\.dotnet\tools;C:\Users\PragmaTech\AppData\Local\GitHubDesktop\bin
USERNAME=PragmaTech
OS=Windows_NT
PROCESSOR_IDENTIFIER=Intel64 Family 6 Model 45 Stepping 7, GenuineIntel
TMP=C:\Users\PRAGMA~1\AppData\Local\Temp
TEMP=C:\Users\PRAGMA~1\AppData\Local\Temp



Periodic native trim disabled


---------------  S Y S T E M  ---------------

OS:
 Windows 11 , 64 bit Build 26100 (10.0.26100.7920)
OS uptime: 0 days 8:05 hours

CPU: total 8 (initial active 8) (4 cores per cpu, 2 threads per core) family 6 model 45 stepping 7 microcode 0x71a, cx8, cmov, fxsr, ht, mmx, sse, sse2, sse3, ssse3, sse4.1, sse4.2, popcnt, tsc, tscinvbit, avx, aes, clmul, vzeroupper, clflush
Processor Information for processor 0
  Max Mhz: 3601, Current Mhz: 1200, Mhz Limit: 3601
Processor Information for processor 1
  Max Mhz: 3601, Current Mhz: 1200, Mhz Limit: 3601
Processor Information for processor 2
  Max Mhz: 3601, Current Mhz: 1200, Mhz Limit: 3601
Processor Information for processor 3
  Max Mhz: 3601, Current Mhz: 3601, Mhz Limit: 3601
Processor Information for processor 4
  Max Mhz: 3601, Current Mhz: 3601, Mhz Limit: 3601
Processor Information for processor 5
  Max Mhz: 3601, Current Mhz: 1200, Mhz Limit: 3601
Processor Information for processor 6
  Max Mhz: 3601, Current Mhz: 1200, Mhz Limit: 3601
Processor Information for processor 7
  Max Mhz: 3601, Current Mhz: 1200, Mhz Limit: 3601

Memory: 4k page, system-wide physical 16312M (2223M free)
TotalPageFile size 31401M (AvailPageFile size 230M)
current process WorkingSet (physical memory assigned to process): 12M, peak: 12M
current process commit charge ("private bytes"): 60M, peak: 316M

vm_info: OpenJDK 64-Bit Server VM (17.0.9+9) for windows-amd64 JRE (17.0.9+9), built on Oct 26 2023 14:01:42 by "admin" with MS VC++ 16.10 / 16.11 (VS2019)

END.
