
=== Tue Apr  8 17:16:11 2025

Packages were changed.
Update Mode: updateDependencies

The following packages were added:
  com.unity.modules.accessibility@1.0.0
The following packages were updated:
  com.unity.ai.navigation from version 1.1.4 to 2.0.0
  com.unity.collab-proxy from version 2.0.5 to 2.2.0
  com.unity.ide.rider from version 3.0.24 to 3.0.27
  com.unity.ide.visualstudio from version 2.0.18 to 2.0.22
  com.unity.purchasing from version 4.9.3 to 4.10.0
  com.unity.test-framework from version 1.1.33 to 1.3.9
  com.unity.timeline from version 1.7.5 to 1.8.6
  com.unity.ugui from version 1.0.0 to 2.0.0
The following packages were removed:
  com.unity.textmeshpro@3.0.6

=== Sat Feb 28 01:11:15 2026

Packages were changed.
Update Mode: updateDependencies

The following packages were added:
  com.unity.modules.accessibility@1.0.0
  com.unity.multiplayer.center@1.0.0
The following packages were updated:
  com.unity.ai.navigation from version 1.1.4 to 2.0.9
  com.unity.collab-proxy from version 2.0.5 to 2.9.3
  com.unity.ide.rider from version 3.0.24 to 3.0.38
  com.unity.ide.visualstudio from version 2.0.18 to 2.0.23
  com.unity.purchasing from version 4.9.3 to 4.12.2
  com.unity.recorder from version 3.0.4 to 5.1.2
  com.unity.test-framework from version 1.1.33 to 1.6.0
  com.unity.timeline from version 1.7.5 to 1.8.9
  com.unity.ugui from version 1.0.0 to 2.0.0
  com.unity.xr.legacyinputhelpers from version 2.1.10 to 2.1.12
The following packages were removed:
  com.unity.textmeshpro@3.0.6

=== Wed Mar 25 10:26:50 2026

Packages were changed.
Update Mode: updateDependencies

The following packages were updated:
  com.unity.ads from version 4.4.2 to 4.16.4
  com.unity.ai.navigation from version 2.0.9 to 2.0.11
  com.unity.collab-proxy from version 2.9.3 to 2.11.3
  com.unity.ide.rider from version 3.0.38 to 3.0.39
  com.unity.ide.visualstudio from version 2.0.23 to 2.0.27
  com.unity.purchasing from version 4.12.2 to 4.14.2
  com.unity.recorder from version 5.1.2 to 5.1.5
  com.unity.timeline from version 1.8.9 to 1.8.10
